2025-03-15 23:55:09 - scrappy.api - INFO - [v1.0.0] Received scrape request
2025-03-15 23:55:09 - scrappy.api - INFO - Using session ID: 61520b8f-bf2e-4e05-82b8-b75fe17694a1
2025-03-15 23:55:09 - scrappy.api - INFO - Starting background scraping for session 61520b8f-bf2e-4e05-82b8-b75fe17694a1
2025-03-16 00:00:12 - scrappy.api - INFO - Completed scraping for session 61520b8f-bf2e-4e05-82b8-b75fe17694a1: 0 results
2025-03-16 00:00:24 - scrappy.api - INFO - [v1.0.0] Received scrape request
2025-03-16 00:00:24 - scrappy.api - INFO - Using session ID: 51f28126-9546-4d78-8e26-23156c956ae5
2025-03-16 00:00:24 - scrappy.api - INFO - Starting background scraping for session 51f28126-9546-4d78-8e26-23156c956ae5
2025-03-16 00:05:27 - scrappy.api - INFO - Completed scraping for session 51f28126-9546-4d78-8e26-23156c956ae5: 0 results
2025-03-16 00:16:42 - scrappy.api - INFO - [v1.0.0] Received scrape request
2025-03-16 00:16:42 - scrappy.api - INFO - Using session ID: b6efa34d-12bf-4db3-8438-84d41983adea
2025-03-16 00:16:42 - scrappy.api - INFO - Starting background scraping for session b6efa34d-12bf-4db3-8438-84d41983adea
2025-03-16 00:21:45 - scrappy.api - INFO - Completed scraping for session b6efa34d-12bf-4db3-8438-84d41983adea: 0 results
2025-03-16 00:30:51 - scrappy.api - INFO - [v1.0.0] Received scrape request
2025-03-16 00:30:51 - scrappy.api - INFO - Using session ID: 134a24b3-edd1-4d60-9093-6b9299043b9a
2025-03-16 00:30:51 - scrappy.api - INFO - Starting background scraping for session 134a24b3-edd1-4d60-9093-6b9299043b9a
2025-03-16 00:35:54 - scrappy.api - INFO - Completed scraping for session 134a24b3-edd1-4d60-9093-6b9299043b9a: 0 results
2025-03-16 00:36:52 - scrappy.api - INFO - [v1.0.0] Received scrape request
2025-03-16 00:36:52 - scrappy.api - INFO - Using session ID: 753d9219-af78-4c3d-a222-21ede8f4e4ec
2025-03-16 00:36:52 - scrappy.api - INFO - Starting background scraping for session 753d9219-af78-4c3d-a222-21ede8f4e4ec
2025-03-16 00:41:55 - scrappy.api - INFO - Completed scraping for session 753d9219-af78-4c3d-a222-21ede8f4e4ec: 0 results
2025-03-16 00:43:31 - scrappy.api - INFO - [v1.0.0] Received scrape request
2025-03-16 00:43:31 - scrappy.api - INFO - Using session ID: 5519560e-bdb0-496d-b329-e5baed546d5f
2025-03-16 00:43:31 - scrappy.api - INFO - Starting background scraping for session 5519560e-bdb0-496d-b329-e5baed546d5f
2025-03-16 00:46:17 - scrappy.api - INFO - [v1.0.0] Received scrape request
2025-03-16 00:46:17 - scrappy.api - INFO - Using session ID: 4b24f432-2314-4ecf-84af-63665179309f
2025-03-16 00:46:17 - scrappy.api - INFO - Starting background scraping for session 4b24f432-2314-4ecf-84af-63665179309f
2025-03-16 00:48:34 - scrappy.api - INFO - Completed scraping for session 5519560e-bdb0-496d-b329-e5baed546d5f: 0 results
2025-03-16 00:52:24 - scrappy.api - INFO - [v1.0.0] Received scrape request
2025-03-16 00:52:24 - scrappy.api - INFO - Using session ID: a8934d9f-545f-4c38-be56-b6fcee64252a
2025-03-16 00:52:24 - scrappy.api - INFO - Starting background scraping for session a8934d9f-545f-4c38-be56-b6fcee64252a
2025-03-16 00:59:35 - scrappy.api - INFO - [v1.0.0] Received scrape request
2025-03-16 00:59:35 - scrappy.api - INFO - Using session ID: b4a1a00b-0c99-4532-aaa2-c001c5ac3778
2025-03-16 00:59:35 - scrappy.api - INFO - Starting background scraping for session b4a1a00b-0c99-4532-aaa2-c001c5ac3778
2025-03-16 01:04:38 - scrappy.api - INFO - Completed scraping for session b4a1a00b-0c99-4532-aaa2-c001c5ac3778: 0 results
2025-03-16 01:10:14 - scrappy.api - INFO - [v1.0.0] Received scrape request
2025-03-16 01:10:14 - scrappy.api - INFO - Using session ID: 9d637040-5ad2-49bd-8157-2ec3ad747708
2025-03-16 01:10:14 - scrappy.api - INFO - Starting background scraping for session 9d637040-5ad2-49bd-8157-2ec3ad747708
2025-03-16 01:15:21 - scrappy.api - ERROR - Error in background scraping task for session 9d637040-5ad2-49bd-8157-2ec3ad747708: [Errno 32] Broken pipe
Traceback (most recent call last):
  File "/workspaces/scrappy/app.py", line 164, in process_scraping
    results = await asyncio.to_thread(
              ^^^^^^^^^^^^^^^^^^^^^^^^
  File "/usr/local/python/3.12.1/lib/python3.12/asyncio/threads.py", line 25, in to_thread
    return await loop.run_in_executor(None, func_call)
           ^^^^^^^^^^^^^^^^^^^^^^^^^^^^^^^^^^^^^^^^^^^
  File "/usr/local/python/3.12.1/lib/python3.12/concurrent/futures/thread.py", line 58, in run
    result = self.fn(*self.args, **self.kwargs)
             ^^^^^^^^^^^^^^^^^^^^^^^^^^^^^^^^^^
  File "/workspaces/scrappy/core/scrapers/property_scraper.py", line 66, in scrape_property_data
    scrape_owner_data(session, owner_name, base_url, tax_year, confirmed_matches, results, locale)
  File "/workspaces/scrappy/core/scrapers/property_scraper.py", line 104, in scrape_owner_data
    if not process_table_rows(soup, table, owner_name, confirmed_matches, results, seen_accounts, locale):
           ^^^^^^^^^^^^^^^^^^^^^^^^^^^^^^^^^^^^^^^^^^^^^^^^^^^^^^^^^^^^^^^^^^^^^^^^^^^^^^^^^^^^^^^^^^^^^^
  File "/workspaces/scrappy/core/scrapers/property_scraper.py", line 142, in process_table_rows
    new_results += process_table_row(row, owner_name, confirmed_matches, results, seen_accounts, locale)
                   ^^^^^^^^^^^^^^^^^^^^^^^^^^^^^^^^^^^^^^^^^^^^^^^^^^^^^^^^^^^^^^^^^^^^^^^^^^^^^^^^^^^^^
  File "/workspaces/scrappy/core/scrapers/property_scraper.py", line 174, in process_table_row
    if confirm_match(owner_name, owner, confirmed_matches):
       ^^^^^^^^^^^^^^^^^^^^^^^^^^^^^^^^^^^^^^^^^^^^^^^^^^^
  File "/workspaces/scrappy/core/scrapers/property_scraper.py", line 42, in confirm_match
    return ask_confirmation(matched_name, input_name)
           ^^^^^^^^^^^^^^^^^^^^^^^^^^^^^^^^^^^^^^^^^^
  File "/workspaces/scrappy/core/utils/confirmation.py", line 72, in ask_confirmation
    print(json.dumps(response), flush=True)
BrokenPipeError: [Errno 32] Broken pipe
